ERROR - 2025-08-25 08:07:19 --> mysqli_sql_exception: Unknown column 'category' in 'field list' in C:\laragon\www\vocational-school-api\vendor\codeigniter4\framework\system\Database\MySQLi\Connection.php:327
Stack trace:
#0 C:\laragon\www\vocational-school-api\vendor\codeigniter4\framework\system\Database\MySQLi\Connection.php(327): mysqli->query('INSERT INTO `qu...', 0)
#1 C:\laragon\www\vocational-school-api\vendor\codeigniter4\framework\system\Database\BaseConnection.php(729): CodeIgniter\Database\MySQLi\Connection->execute('INSERT INTO `qu...')
#2 C:\laragon\www\vocational-school-api\vendor\codeigniter4\framework\system\Database\BaseConnection.php(646): CodeIgniter\Database\BaseConnection->simpleQuery('INSERT INTO `qu...')
#3 C:\laragon\www\vocational-school-api\vendor\codeigniter4\framework\system\Database\BaseBuilder.php(2345): CodeIgniter\Database\BaseConnection->query('INSERT INTO `qu...', Array, false)
#4 C:\laragon\www\vocational-school-api\vendor\codeigniter4\framework\system\Model.php(394): CodeIgniter\Database\BaseBuilder->insert()
#5 C:\laragon\www\vocational-school-api\vendor\codeigniter4\framework\system\BaseModel.php(838): CodeIgniter\Model->doInsert(Array)
#6 C:\laragon\www\vocational-school-api\vendor\codeigniter4\framework\system\Model.php(797): CodeIgniter\BaseModel->insert(Array, true)
#7 C:\laragon\www\vocational-school-api\app\Controllers\API\QualificationController.php(26): CodeIgniter\Model->insert(Object(stdClass))
#8 C:\laragon\www\vocational-school-api\vendor\codeigniter4\framework\system\CodeIgniter.php(933): App\Controllers\API\QualificationController->create()
#9 C:\laragon\www\vocational-school-api\vendor\codeigniter4\framework\system\CodeIgniter.php(507): CodeIgniter\CodeIgniter->runController(Object(App\Controllers\API\QualificationController))
#10 C:\laragon\www\vocational-school-api\vendor\codeigniter4\framework\system\CodeIgniter.php(354): CodeIgniter\CodeIgniter->handleRequest(NULL, Object(Config\Cache), false)
#11 C:\laragon\www\vocational-school-api\vendor\codeigniter4\framework\system\Boot.php(363): CodeIgniter\CodeIgniter->run()
#12 C:\laragon\www\vocational-school-api\vendor\codeigniter4\framework\system\Boot.php(68): CodeIgniter\Boot::runCodeIgniter(Object(CodeIgniter\CodeIgniter))
#13 C:\laragon\www\vocational-school-api\public\index.php(59): CodeIgniter\Boot::bootWeb(Object(Config\Paths))
#14 {main}
CRITICAL - 2025-08-25 08:07:19 --> CodeIgniter\Database\Exceptions\DatabaseException: Unknown column 'category' in 'field list'
[Method: POST, Route: api/qualifications]
in SYSTEMPATH\Database\BaseConnection.php on line 684.
 1 SYSTEMPATH\Database\BaseBuilder.php(2345): CodeIgniter\Database\BaseConnection->query('INSERT INTO `qualifications` (`qualification_name`, `level`, `category`, `regulation_type`, `description`) VALUES (:qualification_name:, :level:, :category:, :regulation_type:, :description:)', [...], false)
 2 SYSTEMPATH\Model.php(394): CodeIgniter\Database\BaseBuilder->insert()
 3 SYSTEMPATH\BaseModel.php(838): CodeIgniter\Model->doInsert([...])
 4 SYSTEMPATH\Model.php(797): CodeIgniter\BaseModel->insert([...], true)
 5 APPPATH\Controllers\API\QualificationController.php(26): CodeIgniter\Model->insert(Object(stdClass))
 6 SYSTEMPATH\CodeIgniter.php(933): App\Controllers\API\QualificationController->create()
 7 SYSTEMPATH\CodeIgniter.php(507): CodeIgniter\CodeIgniter->runController(Object(App\Controllers\API\QualificationController))
 8 SYSTEMPATH\CodeIgniter.php(354): CodeIgniter\CodeIgniter->handleRequest(null, Object(Config\Cache), false)
 9 SYSTEMPATH\Boot.php(363): CodeIgniter\CodeIgniter->run()
10 SYSTEMPATH\Boot.php(68): CodeIgniter\Boot::runCodeIgniter(Object(CodeIgniter\CodeIgniter))
11 FCPATH\index.php(59): CodeIgniter\Boot::bootWeb(Object(Config\Paths))
CRITICAL - 2025-08-25 08:07:19 --> [Caused by] CodeIgniter\Database\Exceptions\DatabaseException: Unknown column 'category' in 'field list'
in SYSTEMPATH\Database\MySQLi\Connection.php on line 332.
 1 SYSTEMPATH\Database\BaseConnection.php(729): CodeIgniter\Database\MySQLi\Connection->execute('INSERT INTO `qualifications` (`qualification_name`, `level`, `category`, `regulation_type`, `description`) VALUES (\'Python Programming Level III\', \'Level III\', \'Information and Communication Technology (ICT)\', \'CS\', \'\')')
 2 SYSTEMPATH\Database\BaseConnection.php(646): CodeIgniter\Database\BaseConnection->simpleQuery('INSERT INTO `qualifications` (`qualification_name`, `level`, `category`, `regulation_type`, `description`) VALUES (\'Python Programming Level III\', \'Level III\', \'Information and Communication Technology (ICT)\', \'CS\', \'\')')
 3 SYSTEMPATH\Database\BaseBuilder.php(2345): CodeIgniter\Database\BaseConnection->query('INSERT INTO `qualifications` (`qualification_name`, `level`, `category`, `regulation_type`, `description`) VALUES (:qualification_name:, :level:, :category:, :regulation_type:, :description:)', [...], false)
 4 SYSTEMPATH\Model.php(394): CodeIgniter\Database\BaseBuilder->insert()
 5 SYSTEMPATH\BaseModel.php(838): CodeIgniter\Model->doInsert([...])
 6 SYSTEMPATH\Model.php(797): CodeIgniter\BaseModel->insert([...], true)
 7 APPPATH\Controllers\API\QualificationController.php(26): CodeIgniter\Model->insert(Object(stdClass))
 8 SYSTEMPATH\CodeIgniter.php(933): App\Controllers\API\QualificationController->create()
 9 SYSTEMPATH\CodeIgniter.php(507): CodeIgniter\CodeIgniter->runController(Object(App\Controllers\API\QualificationController))
10 SYSTEMPATH\CodeIgniter.php(354): CodeIgniter\CodeIgniter->handleRequest(null, Object(Config\Cache), false)
11 SYSTEMPATH\Boot.php(363): CodeIgniter\CodeIgniter->run()
12 SYSTEMPATH\Boot.php(68): CodeIgniter\Boot::runCodeIgniter(Object(CodeIgniter\CodeIgniter))
13 FCPATH\index.php(59): CodeIgniter\Boot::bootWeb(Object(Config\Paths))
CRITICAL - 2025-08-25 08:07:19 --> [Caused by] mysqli_sql_exception: Unknown column 'category' in 'field list'
in SYSTEMPATH\Database\MySQLi\Connection.php on line 327.
 1 SYSTEMPATH\Database\MySQLi\Connection.php(327): mysqli->query('INSERT INTO `qualifications` (`qualification_name`, `level`, `category`, `regulation_type`, `description`) VALUES (\'Python Programming Level III\', \'Level III\', \'Information and Communication Technology (ICT)\', \'CS\', \'\')', 0)
 2 SYSTEMPATH\Database\BaseConnection.php(729): CodeIgniter\Database\MySQLi\Connection->execute('INSERT INTO `qualifications` (`qualification_name`, `level`, `category`, `regulation_type`, `description`) VALUES (\'Python Programming Level III\', \'Level III\', \'Information and Communication Technology (ICT)\', \'CS\', \'\')')
 3 SYSTEMPATH\Database\BaseConnection.php(646): CodeIgniter\Database\BaseConnection->simpleQuery('INSERT INTO `qualifications` (`qualification_name`, `level`, `category`, `regulation_type`, `description`) VALUES (\'Python Programming Level III\', \'Level III\', \'Information and Communication Technology (ICT)\', \'CS\', \'\')')
 4 SYSTEMPATH\Database\BaseBuilder.php(2345): CodeIgniter\Database\BaseConnection->query('INSERT INTO `qualifications` (`qualification_name`, `level`, `category`, `regulation_type`, `description`) VALUES (:qualification_name:, :level:, :category:, :regulation_type:, :description:)', [...], false)
 5 SYSTEMPATH\Model.php(394): CodeIgniter\Database\BaseBuilder->insert()
 6 SYSTEMPATH\BaseModel.php(838): CodeIgniter\Model->doInsert([...])
 7 SYSTEMPATH\Model.php(797): CodeIgniter\BaseModel->insert([...], true)
 8 APPPATH\Controllers\API\QualificationController.php(26): CodeIgniter\Model->insert(Object(stdClass))
 9 SYSTEMPATH\CodeIgniter.php(933): App\Controllers\API\QualificationController->create()
10 SYSTEMPATH\CodeIgniter.php(507): CodeIgniter\CodeIgniter->runController(Object(App\Controllers\API\QualificationController))
11 SYSTEMPATH\CodeIgniter.php(354): CodeIgniter\CodeIgniter->handleRequest(null, Object(Config\Cache), false)
12 SYSTEMPATH\Boot.php(363): CodeIgniter\CodeIgniter->run()
13 SYSTEMPATH\Boot.php(68): CodeIgniter\Boot::runCodeIgniter(Object(CodeIgniter\CodeIgniter))
14 FCPATH\index.php(59): CodeIgniter\Boot::bootWeb(Object(Config\Paths))
CRITICAL - 2025-08-25 08:08:35 --> ErrorException: Cannot declare class App\Database\Migrations\AddCategoryToQualifications, because the name is already in use
[Method: CLI, Route: migrate]
in APPPATH\Database\Migrations\2025-08-25-080806_AddCategoryToQualifications.php on line 3.
 1 [internal function]: CodeIgniter\Debug\Exceptions->shutdownHandler()
ERROR - 2025-08-25 08:10:00 --> mysqli_sql_exception: Duplicate column name 'category' in C:\laragon\www\vocational-school-api\vendor\codeigniter4\framework\system\Database\MySQLi\Connection.php:327
Stack trace:
#0 C:\laragon\www\vocational-school-api\vendor\codeigniter4\framework\system\Database\MySQLi\Connection.php(327): mysqli->query('ALTER TABLE `qu...', 0)
#1 C:\laragon\www\vocational-school-api\vendor\codeigniter4\framework\system\Database\BaseConnection.php(729): CodeIgniter\Database\MySQLi\Connection->execute('ALTER TABLE `qu...')
#2 C:\laragon\www\vocational-school-api\vendor\codeigniter4\framework\system\Database\BaseConnection.php(646): CodeIgniter\Database\BaseConnection->simpleQuery('ALTER TABLE `qu...')
#3 C:\laragon\www\vocational-school-api\vendor\codeigniter4\framework\system\Database\Forge.php(772): CodeIgniter\Database\BaseConnection->query('ALTER TABLE `qu...')
#4 C:\laragon\www\vocational-school-api\app\Database\Migrations\2025-08-25-080806_AddCategoryToQualifications.php(5): CodeIgniter\Database\Forge->addColumn('qualifications', Array)
#5 C:\laragon\www\vocational-school-api\vendor\codeigniter4\framework\system\Database\MigrationRunner.php(876): App\Database\Migrations\AddCategoryToQualifications->up()
#6 C:\laragon\www\vocational-school-api\vendor\codeigniter4\framework\system\Database\MigrationRunner.php(182): CodeIgniter\Database\MigrationRunner->migrate('up', Object(stdClass))
#7 C:\laragon\www\vocational-school-api\vendor\codeigniter4\framework\system\Commands\Database\Migrate.php(85): CodeIgniter\Database\MigrationRunner->latest(NULL)
#8 C:\laragon\www\vocational-school-api\vendor\codeigniter4\framework\system\CLI\Commands.php(74): CodeIgniter\Commands\Database\Migrate->run(Array)
#9 C:\laragon\www\vocational-school-api\vendor\codeigniter4\framework\system\CLI\Console.php(47): CodeIgniter\CLI\Commands->run('migrate', Array)
#10 C:\laragon\www\vocational-school-api\vendor\codeigniter4\framework\system\Boot.php(388): CodeIgniter\CLI\Console->run()
#11 C:\laragon\www\vocational-school-api\vendor\codeigniter4\framework\system\Boot.php(133): CodeIgniter\Boot::runCommand(Object(CodeIgniter\CLI\Console))
#12 C:\laragon\www\vocational-school-api\spark(87): CodeIgniter\Boot::bootSpark(Object(Config\Paths))
#13 {main}
